Archive member included because of file (symbol)

c:/program files (x86)/atmel/atmel toolchain/avr8 gcc/native/3.4.1051/avr8-gnu-toolchain/bin/../lib/gcc/avr/4.8.1/../../../../avr/lib/avr5\libm.a(addsf3.o)
                              AquaSift_V0011.o (__subsf3)
c:/program files (x86)/atmel/atmel toolchain/avr8 gcc/native/3.4.1051/avr8-gnu-toolchain/bin/../lib/gcc/avr/4.8.1/../../../../avr/lib/avr5\libm.a(addsf3x.o)
                              c:/program files (x86)/atmel/atmel toolchain/avr8 gcc/native/3.4.1051/avr8-gnu-toolchain/bin/../lib/gcc/avr/4.8.1/../../../../avr/lib/avr5\libm.a(addsf3.o) (__addsf3x)
c:/program files (x86)/atmel/atmel toolchain/avr8 gcc/native/3.4.1051/avr8-gnu-toolchain/bin/../lib/gcc/avr/4.8.1/../../../../avr/lib/avr5\libm.a(cmpsf2.o)
                              AquaSift_V0011.o (__ltsf2)
c:/program files (x86)/atmel/atmel toolchain/avr8 gcc/native/3.4.1051/avr8-gnu-toolchain/bin/../lib/gcc/avr/4.8.1/../../../../avr/lib/avr5\libm.a(divsf3.o)
                              AquaSift_V0011.o (__divsf3)
c:/program files (x86)/atmel/atmel toolchain/avr8 gcc/native/3.4.1051/avr8-gnu-toolchain/bin/../lib/gcc/avr/4.8.1/../../../../avr/lib/avr5\libm.a(divsf3x.o)
                              c:/program files (x86)/atmel/atmel toolchain/avr8 gcc/native/3.4.1051/avr8-gnu-toolchain/bin/../lib/gcc/avr/4.8.1/../../../../avr/lib/avr5\libm.a(divsf3.o) (__divsf3x)
c:/program files (x86)/atmel/atmel toolchain/avr8 gcc/native/3.4.1051/avr8-gnu-toolchain/bin/../lib/gcc/avr/4.8.1/../../../../avr/lib/avr5\libm.a(fixsfsi.o)
                              AquaSift_V0011.o (__fixsfsi)
c:/program files (x86)/atmel/atmel toolchain/avr8 gcc/native/3.4.1051/avr8-gnu-toolchain/bin/../lib/gcc/avr/4.8.1/../../../../avr/lib/avr5\libm.a(fixunssfsi.o)
                              AquaSift_V0011.o (__fixunssfsi)
c:/program files (x86)/atmel/atmel toolchain/avr8 gcc/native/3.4.1051/avr8-gnu-toolchain/bin/../lib/gcc/avr/4.8.1/../../../../avr/lib/avr5\libm.a(floatsisf.o)
                              AquaSift_V0011.o (__floatunsisf)
c:/program files (x86)/atmel/atmel toolchain/avr8 gcc/native/3.4.1051/avr8-gnu-toolchain/bin/../lib/gcc/avr/4.8.1/../../../../avr/lib/avr5\libm.a(fp_cmp.o)
                              c:/program files (x86)/atmel/atmel toolchain/avr8 gcc/native/3.4.1051/avr8-gnu-toolchain/bin/../lib/gcc/avr/4.8.1/../../../../avr/lib/avr5\libm.a(cmpsf2.o) (__fp_cmp)
c:/program files (x86)/atmel/atmel toolchain/avr8 gcc/native/3.4.1051/avr8-gnu-toolchain/bin/../lib/gcc/avr/4.8.1/../../../../avr/lib/avr5\libm.a(fp_inf.o)
                              c:/program files (x86)/atmel/atmel toolchain/avr8 gcc/native/3.4.1051/avr8-gnu-toolchain/bin/../lib/gcc/avr/4.8.1/../../../../avr/lib/avr5\libm.a(addsf3x.o) (__fp_inf)
c:/program files (x86)/atmel/atmel toolchain/avr8 gcc/native/3.4.1051/avr8-gnu-toolchain/bin/../lib/gcc/avr/4.8.1/../../../../avr/lib/avr5\libm.a(fp_nan.o)
                              c:/program files (x86)/atmel/atmel toolchain/avr8 gcc/native/3.4.1051/avr8-gnu-toolchain/bin/../lib/gcc/avr/4.8.1/../../../../avr/lib/avr5\libm.a(addsf3x.o) (__fp_nan)
c:/program files (x86)/atmel/atmel toolchain/avr8 gcc/native/3.4.1051/avr8-gnu-toolchain/bin/../lib/gcc/avr/4.8.1/../../../../avr/lib/avr5\libm.a(fp_pscA.o)
                              c:/program files (x86)/atmel/atmel toolchain/avr8 gcc/native/3.4.1051/avr8-gnu-toolchain/bin/../lib/gcc/avr/4.8.1/../../../../avr/lib/avr5\libm.a(addsf3x.o) (__fp_pscA)
c:/program files (x86)/atmel/atmel toolchain/avr8 gcc/native/3.4.1051/avr8-gnu-toolchain/bin/../lib/gcc/avr/4.8.1/../../../../avr/lib/avr5\libm.a(fp_pscB.o)
                              c:/program files (x86)/atmel/atmel toolchain/avr8 gcc/native/3.4.1051/avr8-gnu-toolchain/bin/../lib/gcc/avr/4.8.1/../../../../avr/lib/avr5\libm.a(addsf3x.o) (__fp_pscB)
c:/program files (x86)/atmel/atmel toolchain/avr8 gcc/native/3.4.1051/avr8-gnu-toolchain/bin/../lib/gcc/avr/4.8.1/../../../../avr/lib/avr5\libm.a(fp_round.o)
                              c:/program files (x86)/atmel/atmel toolchain/avr8 gcc/native/3.4.1051/avr8-gnu-toolchain/bin/../lib/gcc/avr/4.8.1/../../../../avr/lib/avr5\libm.a(addsf3.o) (__fp_round)
c:/program files (x86)/atmel/atmel toolchain/avr8 gcc/native/3.4.1051/avr8-gnu-toolchain/bin/../lib/gcc/avr/4.8.1/../../../../avr/lib/avr5\libm.a(fp_split3.o)
                              c:/program files (x86)/atmel/atmel toolchain/avr8 gcc/native/3.4.1051/avr8-gnu-toolchain/bin/../lib/gcc/avr/4.8.1/../../../../avr/lib/avr5\libm.a(addsf3x.o) (__fp_split3)
c:/program files (x86)/atmel/atmel toolchain/avr8 gcc/native/3.4.1051/avr8-gnu-toolchain/bin/../lib/gcc/avr/4.8.1/../../../../avr/lib/avr5\libm.a(fp_zero.o)
                              c:/program files (x86)/atmel/atmel toolchain/avr8 gcc/native/3.4.1051/avr8-gnu-toolchain/bin/../lib/gcc/avr/4.8.1/../../../../avr/lib/avr5\libm.a(addsf3x.o) (__fp_zero)
[...]
Memory Configuration

Name             Origin             Length             Attributes
text             0x00000000         0x00020000         xr
data             0x00800060         0x0000ffa0         rw !x
eeprom           0x00810000         0x00010000         rw !x
fuse             0x00820000         0x00000400         rw !x
lock             0x00830000         0x00000400         rw !x
signature        0x00840000         0x00000400         rw !x
user_signatures  0x00850000         0x00000400         rw !x
*default*        0x00000000         0xffffffff

Linker script and memory map

Address of section .data set to 0x800100
LOAD c:/program files (x86)/atmel/atmel toolchain/avr8 gcc/native/3.4.1051/avr8-gnu-toolchain/bin/../lib/gcc/avr/4.8.1/../../../../avr/lib/avr5/crtm328.o
LOAD AquaSift_V0011.o
LOAD as_class.o
LOAD atmega_eeprom.o
LOAD atmega_spi.o
LOAD atmega_twi.o
LOAD atmega_uart.o
LOAD helper.o
START GROUP
LOAD c:/program files (x86)/atmel/atmel toolchain/avr8 gcc/native/3.4.1051/avr8-gnu-toolchain/bin/../lib/gcc/avr/4.8.1/../../../../avr/lib/avr5\libm.a
END GROUP
LOAD c:/program files (x86)/atmel/atmel toolchain/avr8 gcc/native/3.4.1051/avr8-gnu-toolchain/bin/../lib/gcc/avr/4.8.1/avr5\libgcc.a
LOAD c:/program files (x86)/atmel/atmel toolchain/avr8 gcc/native/3.4.1051/avr8-gnu-toolchain/bin/../lib/gcc/avr/4.8.1/../../../../avr/lib/avr5\libm.a
START GROUP
LOAD c:/program files (x86)/atmel/atmel toolchain/avr8 gcc/native/3.4.1051/avr8-gnu-toolchain/bin/../lib/gcc/avr/4.8.1/avr5\libgcc.a
LOAD c:/program files (x86)/atmel/atmel toolchain/avr8 gcc/native/3.4.1051/avr8-gnu-toolchain/bin/../lib/gcc/avr/4.8.1/../../../../avr/lib/avr5\libm.a
LOAD c:/program files (x86)/atmel/atmel toolchain/avr8 gcc/native/3.4.1051/avr8-gnu-toolchain/bin/../lib/gcc/avr/4.8.1/../../../../avr/lib/avr5\libc.a
END GROUP

.hash
 *(.hash)

.dynsym
 *(.dynsym)

.dynstr
 *(.dynstr)

.gnu.version
 *(.gnu.version)

.gnu.version_d
 *(.gnu.version_d)

.gnu.version_r
 *(.gnu.version_r)

.rel.init
 *(.rel.init)

.rela.init
 *(.rela.init)

.rel.text
 *(.rel.text)
 *(.rel.text.*)
 *(.rel.gnu.linkonce.t*)

.rela.text
 *(.rela.text)
 *(.rela.text.*)
 *(.rela.gnu.linkonce.t*)

.rel.fini
 *(.rel.fini)

.rela.fini
 *(.rela.fini)

.rel.rodata
 *(.rel.rodata)
 *(.rel.rodata.*)
 *(.rel.gnu.linkonce.r*)

.rela.rodata
 *(.rela.rodata)
 *(.rela.rodata.*)
 *(.rela.gnu.linkonce.r*)

.rel.data
 *(.rel.data)
 *(.rel.data.*)
 *(.rel.gnu.linkonce.d*)

.rela.data
 *(.rela.data)
 *(.rela.data.*)
 *(.rela.gnu.linkonce.d*)

.rel.ctors
 *(.rel.ctors)

.rela.ctors
 *(.rela.ctors)

.rel.dtors
 *(.rel.dtors)

.rela.dtors
 *(.rela.dtors)

.rel.got
 *(.rel.got)

.rela.got
 *(.rela.got)

.rel.bss
 *(.rel.bss)

.rela.bss
 *(.rela.bss)

.rel.plt
 *(.rel.plt)

.rela.plt
 *(.rela.plt)

.text           0x00000000     0x6a16
 *(.vectors)
 .vectors       0x00000000       0x68 c:/program files (x86)/atmel/atmel toolchain/avr8 gcc/native/3.4.1051/avr8-gnu-toolchain/bin/../lib/gcc/avr/4.8.1/../../../../avr/lib/avr5/crtm328.o
                0x00000000                __vector_default
                0x00000000                __vectors
 *(.vectors)
 *(.progmem.gcc*)
 .progmem.gcc_sw_table.__vector_11
                0x00000068       0x24 AquaSift_V0011.o
 .progmem.gcc_sw_table._Z12bin_tokenizeP8as_class
                0x0000008c       0xe8 helper.o
                0x00000174                . = ALIGN (0x2)
                0x00000174                __trampolines_start = .
 *(.trampolines)
 .trampolines   0x00000174        0x0 linker stubs
 *(.trampolines*)
                0x00000174                __trampolines_end = .
 *(.progmem*)
 .progmem.data._ZZ11__vector_11E3__c_63
                0x00000174        0xe AquaSift_V0011.o
 .progmem.data._ZZ11__vector_11E3__c_62
                0x00000182        0xb AquaSift_V0011.o
 .progmem.data._ZZ11__vector_11E3__c_61
                0x0000018d        0x4 AquaSift_V0011.o
 .progmem.data._ZZ11__vector_11E3__c_60
                0x00000191        0x8 AquaSift_V0011.o
 .progmem.data._ZZ11__vector_11E3__c_59
                0x00000199        0x2 AquaSift_V0011.o
 .progmem.data._ZZ11__vector_11E3__c_58
                0x0000019b        0x3 AquaSift_V0011.o
 .progmem.data._ZZ11__vector_11E3__c_57
                0x0000019e        0xc AquaSift_V0011.o
 .progmem.data._ZZ11__vector_11E3__c_56
                0x000001aa        0xd AquaSift_V0011.o
 .progmem.data._ZZ11__vector_11E3__c_55
                0x000001b7        0x8 AquaSift_V0011.o
 .progmem.data._ZZ11__vector_11E3__c_54
                0x000001bf        0x8 AquaSift_V0011.o
 .progmem.data._ZZ11__vector_11E3__c_53
                0x000001c7       0x15 AquaSift_V0011.o
 .progmem.data._ZZ11__vector_11E3__c_52
                0x000001dc       0x17 AquaSift_V0011.o
 .progmem.data._ZZ11__vector_11E3__c_51
                0x000001f3        0x4 AquaSift_V0011.o
 .progmem.data._ZZ11__vector_11E3__c_50
                0x000001f7        0x5 AquaSift_V0011.o
 .progmem.data._ZZ11__vector_11E3__c_49
                0x000001fc        0x5 AquaSift_V0011.o
 .progmem.data._ZZ11__vector_11E3__c_48
                0x00000201        0x6 AquaSift_V0011.o
 .progmem.data._ZZ11__vector_11E3__c_47
                0x00000207        0xc AquaSift_V0011.o
 .progmem.data._ZZ11__vector_11E3__c_46
                0x00000213        0x4 AquaSift_V0011.o
 .progmem.data._ZZ11__vector_11E3__c_45
                0x00000217        0xd AquaSift_V0011.o
 .progmem.data._ZZ11__vector_11E3__c_44
                0x00000224        0x5 AquaSift_V0011.o
 .progmem.data._ZZ11__vector_11E3__c_43
                0x00000229        0x5 AquaSift_V0011.o
 .progmem.data._ZZ11__vector_11E3__c_42
                0x0000022e        0xd AquaSift_V0011.o
 .progmem.data._ZZ11__vector_11E3__c_41
                0x0000023b       0x1c AquaSift_V0011.o
 .progmem.data._ZZ11__vector_11E3__c_40
                0x00000257       0x1e AquaSift_V0011.o
 .progmem.data._ZZ11__vector_11E3__c_39
                0x00000275        0xb AquaSift_V0011.o
 .progmem.data._ZZ11__vector_11E3__c_38
                0x00000280       0x14 AquaSift_V0011.o
 .progmem.data._ZZ11__vector_11E3__c_37
                0x00000294        0x6 AquaSift_V0011.o
 .progmem.data._ZZ11__vector_11E3__c_36
                0x0000029a        0x5 AquaSift_V0011.o
 .progmem.data._ZZ11__vector_11E3__c_35
                0x0000029f        0x5 AquaSift_V0011.o
 .progmem.data._ZZ11__vector_11E3__c_34
                0x000002a4        0xb AquaSift_V0011.o
 .progmem.data._ZZ11__vector_11E3__c_33
                0x000002af       0x1f AquaSift_V0011.o
 .progmem.data._ZZ11__vector_11E3__c_32
                0x000002ce       0x15 AquaSift_V0011.o
 .progmem.data._ZZ11__vector_11E3__c_31
                0x000002e3       0x17 AquaSift_V0011.o
 .progmem.data._ZZ11__vector_11E3__c_30
                0x000002fa       0x10 AquaSift_V0011.o
 .progmem.data._ZZ11__vector_11E3__c_29
                0x0000030a        0xc AquaSift_V0011.o
 .progmem.data._ZZ11__vector_11E3__c_28
                0x00000316       0x2b AquaSift_V0011.o
 .progmem.data._ZZ11__vector_11E3__c_27
                0x00000341       0x21 AquaSift_V0011.o
 .progmem.data._ZZ11__vector_11E3__c_26
                0x00000362        0xb AquaSift_V0011.o
 .progmem.data._ZZ11__vector_11E3__c_25
                0x0000036d       0x1f AquaSift_V0011.o
 .progmem.data._ZZ11__vector_11E3__c_24
                0x0000038c       0x15 AquaSift_V0011.o
 .progmem.data._ZZ11__vector_11E3__c_23
                0x000003a1       0x17 AquaSift_V0011.o
 .progmem.data._ZZ11__vector_11E3__c_22
                0x000003b8       0x10 AquaSift_V0011.o
 .progmem.data._ZZ11__vector_11E3__c_21
                0x000003c8        0xc AquaSift_V0011.o
 .progmem.data._ZZ11__vector_11E3__c_20
                0x000003d4       0x29 AquaSift_V0011.o
 .progmem.data._ZZ11__vector_11E3__c_19
                0x000003fd       0x21 AquaSift_V0011.o
 .progmem.data._ZZ11__vector_11E3__c_18
                0x0000041e       0x19 AquaSift_V0011.o
 .progmem.data._ZZ11__vector_11E3__c_17
                0x00000437        0xa AquaSift_V0011.o
 .progmem.data._ZZ11__vector_11E3__c_16
                0x00000441        0x5 AquaSift_V0011.o
 .progmem.data._ZZ11__vector_11E3__c_15
                0x00000446        0xa AquaSift_V0011.o
 .progmem.data._ZZ11__vector_11E3__c_14
                0x00000450        0x5 AquaSift_V0011.o
 .progmem.data._ZZ11__vector_11E3__c_13
                0x00000455        0x5 AquaSift_V0011.o
 .progmem.data._ZZ11__vector_11E3__c_12
                0x0000045a        0x5 AquaSift_V0011.o
 .progmem.data._ZZ11__vector_11E3__c_11
                0x0000045f        0x3 AquaSift_V0011.o
 .progmem.data._ZZ11__vector_11E3__c_10
                0x00000462        0x3 AquaSift_V0011.o
 .progmem.data._ZZ11__vector_11E3__c_9
                0x00000465        0x5 AquaSift_V0011.o
 .progmem.data._ZZ11__vector_11E3__c_8
                0x0000046a        0x5 AquaSift_V0011.o
 .progmem.data._ZZ11__vector_11E3__c_7
                0x0000046f        0x5 AquaSift_V0011.o
 .progmem.data._ZZ11__vector_11E3__c_6
                0x00000474        0x5 AquaSift_V0011.o
 .progmem.data._ZZ11__vector_11E3__c_5
                0x00000479        0x3 AquaSift_V0011.o
 .progmem.data._ZZ11__vector_11E3__c_4
                0x0000047c        0x5 AquaSift_V0011.o
 .progmem.data._ZZ11__vector_11E3__c_3
                0x00000481        0x5 AquaSift_V0011.o
 .progmem.data._ZZ11__vector_11E3__c_2
                0x00000486        0x4 AquaSift_V0011.o
 .progmem.data._ZZ11__vector_11E3__c_1
                0x0000048a        0x5 AquaSift_V0011.o
 .progmem.data._ZZ11__vector_11E3__c_0
                0x0000048f        0x5 AquaSift_V0011.o
 .progmem.data._ZZ11__vector_11E3__c
                0x00000494        0x4 AquaSift_V0011.o
 .progmem.data._ZZ11arb_replacePKhE3__c
                0x00000498       0x14 helper.o
 .progmem.data._ZZ10arb_appendPKhE3__c
                0x000004ac        0xd helper.o
 .progmem.data._ZZ14uart_tokenizerhP8as_classE3__c_87
                0x000004b9       0x14 helper.o
 .progmem.data._ZZ14uart_tokenizerhP8as_classE3__c_86
                0x000004cd        0xe helper.o
 .progmem.data._ZZ14uart_tokenizerhP8as_classE3__c_85
                0x000004db        0xd helper.o
 .progmem.data._ZZ14uart_tokenizerhP8as_classE3__c_84
                0x000004e8        0xe helper.o
 .progmem.data._ZZ14uart_tokenizerhP8as_classE3__c_83
                0x000004f6        0xf helper.o
 .progmem.data._ZZ14uart_tokenizerhP8as_classE3__c_82
                0x00000505       0x10 helper.o
 .progmem.data._ZZ14uart_tokenizerhP8as_classE3__c_81
                0x00000515        0xd helper.o
 .progmem.data._ZZ14uart_tokenizerhP8as_classE3__c_80
                0x00000522        0xe helper.o
 .progmem.data._ZZ14uart_tokenizerhP8as_classE3__c_79
                0x00000530        0xf helper.o
 .progmem.data._ZZ14uart_tokenizerhP8as_classE3__c_78
                0x0000053f       0x10 helper.o
 .progmem.data._ZZ14uart_tokenizerhP8as_classE3__c_77
                0x0000054f       0x16 helper.o
 .progmem.data._ZZ14uart_tokenizerhP8as_classE3__c_76
                0x00000565        0xa helper.o
 .progmem.data._ZZ14uart_tokenizerhP8as_classE3__c_75
                0x0000056f        0xa helper.o
 .progmem.data._ZZ14uart_tokenizerhP8as_classE3__c_74
                0x00000579        0xa helper.o
 .progmem.data._ZZ14uart_tokenizerhP8as_classE3__c_73
                0x00000583        0xa helper.o
 .progmem.data._ZZ14uart_tokenizerhP8as_classE3__c_72
                0x0000058d        0xa helper.o
 .progmem.data._ZZ14uart_tokenizerhP8as_classE3__c_71
                0x00000597        0xa helper.o
 .progmem.data._ZZ14uart_tokenizerhP8as_classE3__c_70
                0x000005a1        0xb helper.o
 .progmem.data._ZZ14uart_tokenizerhP8as_classE3__c_69
                0x000005ac       0x14 helper.o
 .progmem.data._ZZ14uart_tokenizerhP8as_classE3__c_68
                0x000005c0       0x23 helper.o
 .progmem.data._ZZ14uart_tokenizerhP8as_classE3__c_67
                0x000005e3       0x1c helper.o
 .progmem.data._ZZ14uart_tokenizerhP8as_classE3__c_66
                0x000005ff        0xb helper.o
 .progmem.data._ZZ14uart_tokenizerhP8as_classE3__c_65
                0x0000060a        0x5 helper.o
 .progmem.data._ZZ14uart_tokenizerhP8as_classE3__c_64
                0x0000060f        0xc helper.o
 .progmem.data._ZZ14uart_tokenizerhP8as_classE3__c_63
                0x0000061b        0x5 helper.o
 .progmem.data._ZZ14uart_tokenizerhP8as_classE3__c_62
                0x00000620        0xb helper.o
 .progmem.data._ZZ14uart_tokenizerhP8as_classE3__c_61
                0x0000062b        0x5 helper.o
 .progmem.data._ZZ14uart_tokenizerhP8as_classE3__c_60
                0x00000630        0xc helper.o
 .progmem.data._ZZ14uart_tokenizerhP8as_classE3__c_59
                0x0000063c        0x4 helper.o
 .progmem.data._ZZ14uart_tokenizerhP8as_classE3__c_58
                0x00000640       0x21 helper.o
 .progmem.data._ZZ14uart_tokenizerhP8as_classE3__c_57
                0x00000661        0x3 helper.o
 .progmem.data._ZZ14uart_tokenizerhP8as_classE3__c_56
                0x00000664       0x15 helper.o
 .progmem.data._ZZ14uart_tokenizerhP8as_classE3__c_55
                0x00000679       0x13 helper.o
 .progmem.data._ZZ14uart_tokenizerhP8as_classE3__c_54
                0x0000068c       0x17 helper.o
 .progmem.data._ZZ14uart_tokenizerhP8as_classE3__c_53
                0x000006a3       0x18 helper.o
 .progmem.data._ZZ14uart_tokenizerhP8as_classE3__c_52
                0x000006bb       0x17 helper.o
 .progmem.data._ZZ14uart_tokenizerhP8as_classE3__c_51
                0x000006d2       0x34 helper.o
 .progmem.data._ZZ14uart_tokenizerhP8as_classE3__c_50
                0x00000706       0x2c helper.o
 .progmem.data._ZZ14uart_tokenizerhP8as_classE3__c_49
                0x00000732       0x1f helper.o
 .progmem.data._ZZ14uart_tokenizerhP8as_classE3__c_48
                0x00000751       0x13 helper.o
 .progmem.data._ZZ14uart_tokenizerhP8as_classE3__c_47
                0x00000764       0x1f helper.o
 .progmem.data._ZZ14uart_tokenizerhP8as_classE3__c_46
                0x00000783       0x1d helper.o
 .progmem.data._ZZ14uart_tokenizerhP8as_classE3__c_45
                0x000007a0       0x1d helper.o
 .progmem.data._ZZ14uart_tokenizerhP8as_classE3__c_44
                0x000007bd       0x13 helper.o
 .progmem.data._ZZ14uart_tokenizerhP8as_classE3__c_43
                0x000007d0       0x15 helper.o
 .progmem.data._ZZ14uart_tokenizerhP8as_classE3__c_42
                0x000007e5       0x18 helper.o
 .progmem.data._ZZ14uart_tokenizerhP8as_classE3__c_41
                0x000007fd       0x13 helper.o
 .progmem.data._ZZ14uart_tokenizerhP8as_classE3__c_40
                0x00000810       0x15 helper.o
 .progmem.data._ZZ14uart_tokenizerhP8as_classE3__c_39
                0x00000825       0x13 helper.o
 .progmem.data._ZZ14uart_tokenizerhP8as_classE3__c_38
                0x00000838       0x14 helper.o
 .progmem.data._ZZ14uart_tokenizerhP8as_classE3__c_37
                0x0000084c       0x13 helper.o
 .progmem.data._ZZ14uart_tokenizerhP8as_classE3__c_36
                0x0000085f       0x15 helper.o
 .progmem.data._ZZ14uart_tokenizerhP8as_classE3__c_35
                0x00000874       0x19 helper.o
 .progmem.data._ZZ14uart_tokenizerhP8as_classE3__c_34
                0x0000088d       0x12 helper.o
 .progmem.data._ZZ14uart_tokenizerhP8as_classE3__c_33
                0x0000089f       0x27 helper.o
 .progmem.data._ZZ14uart_tokenizerhP8as_classE3__c_32
                0x000008c6       0x12 helper.o
 .progmem.data._ZZ14uart_tokenizerhP8as_classE3__c_31
                0x000008d8       0x1a helper.o
 .progmem.data._ZZ14uart_tokenizerhP8as_classE3__c_30
                0x000008f2       0x17 helper.o
 .progmem.data._ZZ14uart_tokenizerhP8as_classE3__c_29
                0x00000909       0x1e helper.o
 .progmem.data._ZZ14uart_tokenizerhP8as_classE3__c_28
                0x00000927       0x17 helper.o
 .progmem.data._ZZ14uart_tokenizerhP8as_classE3__c_27
                0x0000093e       0x19 helper.o
 .progmem.data._ZZ14uart_tokenizerhP8as_classE3__c_26
                0x00000957        0xc helper.o
 .progmem.data._ZZ14uart_tokenizerhP8as_classE3__c_25
                0x00000963        0xd helper.o
 .progmem.data._ZZ14uart_tokenizerhP8as_classE3__c_24
                0x00000970        0xe helper.o
 .progmem.data._ZZ14uart_tokenizerhP8as_classE3__c_23
                0x0000097e        0xf helper.o
 .progmem.data._ZZ14uart_tokenizerhP8as_classE3__c_22
                0x0000098d        0xe helper.o
 .progmem.data._ZZ14uart_tokenizerhP8as_classE3__c_21
                0x0000099b       0x28 helper.o
 .progmem.data._ZZ14uart_tokenizerhP8as_classE3__c_20
                0x000009c3       0x1e helper.o
 .progmem.data._ZZ14uart_tokenizerhP8as_classE3__c_19
                0x000009e1        0x7 helper.o
 .progmem.data._ZZ14uart_tokenizerhP8as_classE3__c_18
                0x000009e8        0xe helper.o
 .progmem.data._ZZ14uart_tokenizerhP8as_classE3__c_17
                0x000009f6       0x15 helper.o
 .progmem.data._ZZ14uart_tokenizerhP8as_classE3__c_16
                0x00000a0b       0x10 helper.o
 .progmem.data._ZZ14uart_tokenizerhP8as_classE3__c_15
                0x00000a1b       0x12 helper.o
 .progmem.data._ZZ14uart_tokenizerhP8as_classE3__c_14
                0x00000a2d       0x21 helper.o
 .progmem.data._ZZ14uart_tokenizerhP8as_classE3__c_13
                0x00000a4e       0x1a helper.o
 .progmem.data._ZZ14uart_tokenizerhP8as_classE3__c_12
                0x00000a68       0x1c helper.o
 .progmem.data._ZZ14uart_tokenizerhP8as_classE3__c_11
                0x00000a84        0xd helper.o
 .progmem.data._ZZ14uart_tokenizerhP8as_classE3__c_10
                0x00000a91       0x14 helper.o
 .progmem.data._ZZ14uart_tokenizerhP8as_classE3__c_9
                0x00000aa5       0x13 helper.o
 .progmem.data._ZZ14uart_tokenizerhP8as_classE3__c_8
                0x00000ab8       0x1a helper.o
 .progmem.data._ZZ14uart_tokenizerhP8as_classE3__c_7
                0x00000ad2       0x1d helper.o
 .progmem.data._ZZ14uart_tokenizerhP8as_classE3__c_6
                0x00000aef       0x16 helper.o
 .progmem.data._ZZ14uart_tokenizerhP8as_classE3__c_5
                0x00000b05       0x17 helper.o
 .progmem.data._ZZ14uart_tokenizerhP8as_classE3__c_4
                0x00000b1c       0x15 helper.o
 .progmem.data._ZZ14uart_tokenizerhP8as_classE3__c_3
                0x00000b31       0x23 helper.o
 .progmem.data._ZZ14uart_tokenizerhP8as_classE3__c_2
                0x00000b54       0x1b helper.o
 .progmem.data._ZZ14uart_tokenizerhP8as_classE3__c_1
                0x00000b6f       0x24 helper.o
 .progmem.data._ZZ14uart_tokenizerhP8as_classE3__c_0
                0x00000b93       0x34 helper.o
 .progmem.data._ZZ14uart_tokenizerhP8as_classE3__c
                0x00000bc7       0x11 helper.o
 .progmem.data._ZZ7uart_okvE3__c
                0x00000bd8        0x4 helper.o
 .progmem.data._ZZ8uart_errvE3__c
                0x00000bdc        0x5 helper.o
 .progmem.data._ZZ15uart_true_falsebE3__c_0
                0x00000be1        0x6 helper.o
 .progmem.data._ZZ15uart_true_falsebE3__c
                0x00000be7        0x5 helper.o
 .progmem.data._ZZ16uart_min_max_intiiE3__c_1
                0x00000bec        0x4 helper.o
 .progmem.data._ZZ16uart_min_max_intiiE3__c_0
                0x00000bf0        0x5 helper.o
 .progmem.data._ZZ16uart_min_max_intiiE3__c
                0x00000bf5        0x3 helper.o
 .progmem.data._ZZ16uart_min_max_u32mmE3__c_1
                0x00000bf8        0x4 helper.o
 .progmem.data._ZZ16uart_min_max_u32mmE3__c_0
                0x00000bfc        0x5 helper.o
 .progmem.data._ZZ16uart_min_max_u32mmE3__c
                0x00000c01        0x3 helper.o
 .progmem.data._ZZ19uart_print_settingsP8as_classE3__c_24
                0x00000c04        0x8 helper.o
 .progmem.data._ZZ19uart_print_settingsP8as_classE3__c_23
                0x00000c0c        0x8 helper.o
 .progmem.data._ZZ19uart_print_settingsP8as_classE3__c_22
                0x00000c14        0x8 helper.o
 .progmem.data._ZZ19uart_print_settingsP8as_classE3__c_21
                0x00000c1c        0x7 helper.o
 .progmem.data._ZZ19uart_print_settingsP8as_classE3__c_20
                0x00000c23        0x7 helper.o
 .progmem.data._ZZ19uart_print_settingsP8as_classE3__c_19
                0x00000c2a        0xa helper.o
 .progmem.data._ZZ19uart_print_settingsP8as_classE3__c_18
                0x00000c34        0xa helper.o
 .progmem.data._ZZ19uart_print_settingsP8as_classE3__c_17
                0x00000c3e        0xa helper.o
 .progmem.data._ZZ19uart_print_settingsP8as_classE3__c_16
                0x00000c48        0xb helper.o
 .progmem.data._ZZ19uart_print_settingsP8as_classE3__c_15
                0x00000c53        0xb helper.o
 .progmem.data._ZZ19uart_print_settingsP8as_classE3__c_14
                0x00000c5e        0xa helper.o
 .progmem.data._ZZ19uart_print_settingsP8as_classE3__c_13
                0x00000c68        0x9 helper.o
 .progmem.data._ZZ19uart_print_settingsP8as_classE3__c_12
                0x00000c71        0x9 helper.o
 .progmem.data._ZZ19uart_print_settingsP8as_classE3__c_11
                0x00000c7a        0xa helper.o
 .progmem.data._ZZ19uart_print_settingsP8as_classE3__c_10
                0x00000c84        0xa helper.o
 .progmem.data._ZZ19uart_print_settingsP8as_classE3__c_9
                0x00000c8e        0x7 helper.o
 .progmem.data._ZZ19uart_print_settingsP8as_classE3__c_8
                0x00000c95        0x9 helper.o
 .progmem.data._ZZ19uart_print_settingsP8as_classE3__c_7
                0x00000c9e        0x7 helper.o
 .progmem.data._ZZ19uart_print_settingsP8as_classE3__c_6
                0x00000ca5        0x7 helper.o
 .progmem.data._ZZ19uart_print_settingsP8as_classE3__c_5
                0x00000cac        0x7 helper.o
 .progmem.data._ZZ19uart_print_settingsP8as_classE3__c_4
                0x00000cb3        0x8 helper.o
 .progmem.data._ZZ19uart_print_settingsP8as_classE3__c_3
                0x00000cbb        0x8 helper.o
 .progmem.data._ZZ19uart_print_settingsP8as_classE3__c_2
                0x00000cc3        0x7 helper.o
 .progmem.data._ZZ19uart_print_settingsP8as_classE3__c_1
                0x00000cca        0x7 helper.o
 .progmem.data._ZZ19uart_print_settingsP8as_classE3__c_0
                0x00000cd1        0x4 helper.o
 .progmem.data._ZZ19uart_print_settingsP8as_classE3__c
                0x00000cd5        0x7 helper.o
 .progmem.data._ZZ13calibrate_oscvE3__c
                0x00000cdc        0xe helper.o
                0x00000cea                . = ALIGN (0x2)
 *(.jumptables)
 *(.jumptables*)
 *(.lowtext)
 *(.lowtext*)
                0x00000cea                __ctors_start = .
 *(.ctors)
 .ctors         0x00000cea        0x2 AquaSift_V0011.o
                0x00000cec                __ctors_end = .
                0x00000cec                __dtors_start = .
 *(.dtors)
                0x00000cec                __dtors_end = .
 SORT(*)(.ctors)
 SORT(*)(.dtors)
 *(.init0)
 .init0         0x00000cec        0x0 c:/program files (x86)/atmel/atmel toolchain/avr8 gcc/native/3.4.1051/avr8-gnu-toolchain/bin/../lib/gcc/avr/4.8.1/../../../../avr/lib/avr5/crtm328.o
                0x00000cec                __init
 *(.init0)
 *(.init1)
 *(.init1)
 *(.init2)
 .init2         0x00000cec        0xc c:/program files (x86)/atmel/atmel toolchain/avr8 gcc/native/3.4.1051/avr8-gnu-toolchain/bin/../lib/gcc/avr/4.8.1/../../../../avr/lib/avr5/crtm328.o
 *(.init2)
 *(.init3)
 *(.init3)
 *(.init4)
 .init4         0x00000cf8       0x16 c:/program files (x86)/atmel/atmel toolchain/avr8 gcc/native/3.4.1051/avr8-gnu-toolchain/bin/../lib/gcc/avr/4.8.1/avr5\libgcc.a(_copy_data.o)
                0x00000cf8                __do_copy_data
 .init4         0x00000d0e       0x10 c:/program files (x86)/atmel/atmel toolchain/avr8 gcc/native/3.4.1051/avr8-gnu-toolchain/bin/../lib/gcc/avr/4.8.1/avr5\libgcc.a(_clear_bss.o)
                0x00000d0e                __do_clear_bss
 *(.init4)
 *(.init5)
 *(.init5)
 *(.init6)
 .init6         0x00000d1e       0x16 c:/program files (x86)/atmel/atmel toolchain/avr8 gcc/native/3.4.1051/avr8-gnu-toolchain/bin/../lib/gcc/avr/4.8.1/avr5\libgcc.a(_ctors.o)
                0x00000d1e                __do_global_ctors
 *(.init6)
 *(.init7)
 *(.init7)
 *(.init8)
 *(.init8)
 *(.init9)
 .init9         0x00000d34        0x8 c:/program files (x86)/atmel/atmel toolchain/avr8 gcc/native/3.4.1051/avr8-gnu-toolchain/bin/../lib/gcc/avr/4.8.1/../../../../avr/lib/avr5/crtm328.o
 *(.init9)
 *(.text)
 .text          0x00000d3c        0x4 c:/program files (x86)/atmel/atmel toolchain/avr8 gcc/native/3.4.1051/avr8-gnu-toolchain/bin/../lib/gcc/avr/4.8.1/../../../../avr/lib/avr5/crtm328.o
                0x00000d3c                __vector_22
                0x00000d3c                __vector_1
                0x00000d3c                __vector_24
                0x00000d3c                __vector_12
                0x00000d3c                __bad_interrupt
                0x00000d3c                __vector_6
                0x00000d3c                __vector_3
                0x00000d3c                __vector_23
                0x00000d3c                __vector_25
                0x00000d3c                __vector_13
                0x00000d3c                __vector_17
                0x00000d3c                __vector_19
                0x00000d3c                __vector_7
                0x00000d3c                __vector_5
                0x00000d3c                __vector_4
                0x00000d3c                __vector_9
                0x00000d3c                __vector_2
                0x00000d3c                __vector_21
                0x00000d3c                __vector_15
                0x00000d3c                __vector_8
                0x00000d3c                __vector_14
                0x00000d3c                __vector_10
                0x00000d3c                __vector_16
                0x00000d3c                __vector_20
                0x00000d40                . = ALIGN (0x2)
 *(.text.*)
 .text.main     0x00000d40       0x12 AquaSift_V0011.o
                0x00000d40                main
 .text.__vector_18
                0x00000d52       0xac AquaSift_V0011.o
                0x00000d52                __vector_18
 .text.__vector_11
                0x00000dfe     0x17ea AquaSift_V0011.o
                0x00000dfe                __vector_11
 .text._GLOBAL__sub_I_ms_counter
                0x000025e8        0xa AquaSift_V0011.o
 .text._ZN8as_classC2Ev
                0x000025f2       0x78 as_class.o
                0x000025f2                _ZN8as_classC1Ev
                0x000025f2                _ZN8as_classC2Ev
 .text._ZN8as_class11set_tx_modeE8tx_modes
                0x0000266a        0x8 as_class.o
                0x0000266a                _ZN8as_class11set_tx_modeE8tx_modes
 .text._ZN8as_class11get_tx_modeEv
                0x00002672        0x6 as_class.o
                0x00002672                _ZN8as_class11get_tx_modeEv
 .text._ZN8as_class18set_num_electrodesE9num_elecs
                0x00002678        0x8 as_class.o
                0x00002678                _ZN8as_class18set_num_electrodesE9num_elecs
 .text._ZN8as_class18get_num_electrodesEv
                0x00002680        0x6 as_class.o
                0x00002680                _ZN8as_class18get_num_electrodesEv
 .text._ZN8as_class12set_adc_rateEj
                0x00002686       0x20 as_class.o
                0x00002686                _ZN8as_class12set_adc_rateEj
 .text._ZN8as_class12get_adc_rateEv
                0x000026a6        0x8 as_class.o
                0x000026a6                _ZN8as_class12get_adc_rateEv
 .text._ZN8as_class15set_tia_res_tapEj
                0x000026ae       0x60 as_class.o
                0x000026ae                _ZN8as_class15set_tia_res_tapEj
 .text._ZN8as_class15get_tia_res_tapEv
                0x0000270e        0x8 as_class.o
                0x0000270e                _ZN8as_class15get_tia_res_tapEv
 .text._ZN8as_class16set_tia_cap_maskEh
                0x00002716       0x10 as_class.o
                0x00002716                _ZN8as_class16set_tia_cap_maskEh
 .text._ZN8as_class16get_tia_cap_maskEv
                0x00002726        0x6 as_class.o
                0x00002726                _ZN8as_class16get_tia_cap_maskEv
 .text._ZN8as_class14set_dep_enableEb
                0x0000272c        0x8 as_class.o
                0x0000272c                _ZN8as_class14set_dep_enableEb
 .text._ZN8as_class14get_dep_enableEv
                0x00002734        0x6 as_class.o
                0x00002734                _ZN8as_class14get_dep_enableEv
 .text._ZN8as_class12set_dep_timeEm
                0x0000273a       0x2e as_class.o
                0x0000273a                _ZN8as_class12set_dep_timeEm
 .text._ZN8as_class12get_dep_timeEv
                0x00002768        0xc as_class.o
                0x00002768                _ZN8as_class12get_dep_timeEv
 .text._ZN8as_class12set_dep_voltEi
                0x00002774       0x22 as_class.o
                0x00002774                _ZN8as_class12set_dep_voltEi
 .text._ZN8as_class12get_dep_voltEv
                0x00002796        0x8 as_class.o
                0x00002796                _ZN8as_class12get_dep_voltEv
 .text._ZN8as_class14set_quiet_timeEm
                0x0000279e       0x20 as_class.o
                0x0000279e                _ZN8as_class14set_quiet_timeEm
 .text._ZN8as_class14get_quiet_timeEv
                0x000027be        0xc as_class.o
                0x000027be                _ZN8as_class14get_quiet_timeEv
 .text._ZN8as_class11set_dep_recEb
                0x000027ca        0x8 as_class.o
                0x000027ca                _ZN8as_class11set_dep_recEb
 .text._ZN8as_class11get_dep_recEv
                0x000027d2        0x6 as_class.o
                0x000027d2                _ZN8as_class11get_dep_recEv
 .text._ZN8as_class20set_sweep_volt_startEi
                0x000027d8       0x22 as_class.o
                0x000027d8                _ZN8as_class20set_sweep_volt_startEi
 .text._ZN8as_class20get_sweep_volt_startEv
                0x000027fa        0x8 as_class.o
                0x000027fa                _ZN8as_class20get_sweep_volt_startEv
 .text._ZN8as_class18set_sweep_volt_endEi
                0x00002802       0x22 as_class.o
                0x00002802                _ZN8as_class18set_sweep_volt_endEi
 .text._ZN8as_class18get_sweep_volt_endEv
                0x00002824        0x8 as_class.o
                0x00002824                _ZN8as_class18get_sweep_volt_endEv
 .text._ZN8as_class14set_sweep_rateEj
                0x0000282c       0x20 as_class.o
                0x0000282c                _ZN8as_class14set_sweep_rateEj
 .text._ZN8as_class14get_sweep_rateEv
                0x0000284c        0x8 as_class.o
                0x0000284c                _ZN8as_class14get_sweep_rateEv
 .text._ZN8as_class16set_sweep_cyclicEb
                0x00002854        0x8 as_class.o
                0x00002854                _ZN8as_class16set_sweep_cyclicEb
 .text._ZN8as_class16get_sweep_cyclicEv
                0x0000285c        0x6 as_class.o
                0x0000285c                _ZN8as_class16get_sweep_cyclicEv
 .text._ZN8as_class16set_sweep_cyclesEh
                0x00002862       0x18 as_class.o
                0x00002862                _ZN8as_class16set_sweep_cyclesEh
 .text._ZN8as_class16get_sweep_cyclesEv
                0x0000287a        0x6 as_class.o
                0x0000287a                _ZN8as_class16get_sweep_cyclesEv
 .text._ZN8as_class21set_square_volt_startEi
                0x00002880       0x22 as_class.o
                0x00002880                _ZN8as_class21set_square_volt_startEi
 .text._ZN8as_class21get_square_volt_startEv
                0x000028a2        0x8 as_class.o
                0x000028a2                _ZN8as_class21get_square_volt_startEv
 .text._ZN8as_class19set_square_volt_endEi
                0x000028aa       0x22 as_class.o
                0x000028aa                _ZN8as_class19set_square_volt_endEi
 .text._ZN8as_class19get_square_volt_endEv
                0x000028cc        0x8 as_class.o
                0x000028cc                _ZN8as_class19get_square_volt_endEv
 .text._ZN8as_class14set_square_ampEj
                0x000028d4       0x16 as_class.o
                0x000028d4                _ZN8as_class14set_square_ampEj
 .text._ZN8as_class14get_square_ampEv
                0x000028ea        0x8 as_class.o
                0x000028ea                _ZN8as_class14get_square_ampEv
 .text._ZN8as_class14set_square_incEj
                0x000028f2       0x16 as_class.o
                0x000028f2                _ZN8as_class14set_square_incEj
 .text._ZN8as_class14get_square_incEv
                0x00002908        0x8 as_class.o
                0x00002908                _ZN8as_class14get_square_incEv
 .text._ZN8as_class17set_square_periodEj
                0x00002910       0x20 as_class.o
                0x00002910                _ZN8as_class17set_square_periodEj
 .text._ZN8as_class17get_square_periodEv
                0x00002930        0x8 as_class.o
                0x00002930                _ZN8as_class17get_square_periodEv
 .text._ZN8as_class14set_arb_cyclicEb
                0x00002938        0x8 as_class.o
                0x00002938                _ZN8as_class14set_arb_cyclicEb
 .text._ZN8as_class14get_arb_cyclicEv
                0x00002940        0x6 as_class.o
                0x00002940                _ZN8as_class14get_arb_cyclicEv
 .text._ZN8as_class14set_arb_cyclesEh
                0x00002946       0x18 as_class.o
                0x00002946                _ZN8as_class14set_arb_cyclesEh
 .text._ZN8as_class14get_arb_cyclesEv
                0x0000295e        0x6 as_class.o
                0x0000295e                _ZN8as_class14get_arb_cyclesEv
 .text._ZN8as_class13set_soft_filtEb
                0x00002964        0x8 as_class.o
                0x00002964                _ZN8as_class13set_soft_filtEb
 .text._ZN8as_class13get_soft_filtEv
                0x0000296c        0x6 as_class.o
                0x0000296c                _ZN8as_class13get_soft_filtEv
 .text._ZN8as_class12set_soft_selEh
                0x00002972       0x18 as_class.o
                0x00002972                _ZN8as_class12set_soft_selEh
 .text._ZN8as_class12get_soft_selEv
                0x0000298a        0x6 as_class.o
                0x0000298a                _ZN8as_class12get_soft_selEv
 .text._ZN8as_class14set_test_stateE11test_states
                0x00002990        0x8 as_class.o
                0x00002990                _ZN8as_class14set_test_stateE11test_states
 .text._ZN8as_class14get_test_stateEv
                0x00002998        0x6 as_class.o
                0x00002998                _ZN8as_class14get_test_stateEv
 .text._ZN8as_class13set_test_typeE10test_types
                0x0000299e        0x8 as_class.o
                0x0000299e                _ZN8as_class13set_test_typeE10test_types
 .text._ZN8as_class13get_test_typeEv
                0x000029a6        0x6 as_class.o
                0x000029a6                _ZN8as_class13get_test_typeEv
 .text._ZN13atmega_eeprom10write_wordEPjj
                0x000029ac       0x16 atmega_eeprom.o
                0x000029ac                _ZN13atmega_eeprom10write_wordEPjj
 .text._ZN13atmega_eeprom9read_wordEPj
                0x000029c2        0xa atmega_eeprom.o
                0x000029c2                _ZN13atmega_eeprom9read_wordEPj
 .text._ZN13atmega_eeprom16read_word_no_cliEPj
                0x000029cc        0x6 atmega_eeprom.o
                0x000029cc                _ZN13atmega_eeprom16read_word_no_cliEPj
 .text._ZN13atmega_eeprom10write_byteEPhh
                0x000029d2       0x14 atmega_eeprom.o
                0x000029d2                _ZN13atmega_eeprom10write_byteEPhh
 .text._ZN13atmega_eeprom9read_byteEPh
                0x000029e6        0xa atmega_eeprom.o
                0x000029e6                _ZN13atmega_eeprom9read_byteEPh
 .text._ZN10atmega_spi15spi_master_initEv
                0x000029f0       0x10 atmega_spi.o
                0x000029f0                _ZN10atmega_spi15spi_master_initEv
 .text._ZN10atmega_spi9spi_writeEh
                0x00002a00        0xa atmega_spi.o
                0x00002a00                _ZN10atmega_spi9spi_writeEh
 .text._ZN10atmega_spi8spi_readEv
                0x00002a0a        0xe atmega_spi.o
                0x00002a0a                _ZN10atmega_spi8spi_readEv
 .text._ZN10atmega_twi15twi_master_initEv
                0x00002a18       0x16 atmega_twi.o
                0x00002a18                _ZN10atmega_twi15twi_master_initEv
 .text._ZN10atmega_twi9i2c_startEPh
                0x00002a2e       0x2c atmega_twi.o
                0x00002a2e                _ZN10atmega_twi9i2c_startEPh
 .text._ZN10atmega_twi15i2c_sendAddressEhPh
                0x00002a5a       0x42 atmega_twi.o
                0x00002a5a                _ZN10atmega_twi15i2c_sendAddressEhPh
 .text._ZN10atmega_twi12i2c_sendDataEhPh
                0x00002a9c       0x30 atmega_twi.o
                0x00002a9c                _ZN10atmega_twi12i2c_sendDataEhPh
 .text._ZN10atmega_twi20i2c_receiveData_NACKEPh
                0x00002acc       0x30 atmega_twi.o
                0x00002acc                _ZN10atmega_twi20i2c_receiveData_NACKEPh
 .text._ZN10atmega_twi8i2c_stopEv
                0x00002afc        0x8 atmega_twi.o
                0x00002afc                _ZN10atmega_twi8i2c_stopEv
 .text._ZN11atmega_uart9uart_initEj
                0x00002b04       0x16 atmega_uart.o
                0x00002b04                _ZN11atmega_uart9uart_initEj
 .text._ZN11atmega_uart7tx_byteEh
                0x00002b1a       0x10 atmega_uart.o
                0x00002b1a                _ZN11atmega_uart7tx_byteEh
 .text._ZN11atmega_uart7tx_wordEj
                0x00002b2a       0x1e atmega_uart.o
                0x00002b2a                _ZN11atmega_uart7tx_wordEj
 .text._ZN11atmega_uart8tx_dwordEm
                0x00002b48       0x58 atmega_uart.o
                0x00002b48                _ZN11atmega_uart8tx_dwordEm
 .text._ZN11atmega_uart9tx_stringEPKc
                0x00002ba0       0x2a atmega_uart.o
                0x00002ba0                _ZN11atmega_uart9tx_stringEPKc
 .text._ZN11atmega_uart11tx_string_pEPKc
                0x00002bca       0x28 atmega_uart.o
                0x00002bca                _ZN11atmega_uart11tx_string_pEPKc
 .text._ZN11atmega_uart5tx_tfEb
                0x00002bf2       0x14 atmega_uart.o
                0x00002bf2                _ZN11atmega_uart5tx_tfEb
 .text._Z17i2c_load_cap_maskP8as_class
                0x00002c06       0x64 helper.o
                0x00002c06                _Z17i2c_load_cap_maskP8as_class
 .text._Z19i2c_load_electrodesP8as_class
                0x00002c6a       0x64 helper.o
                0x00002c6a                _Z19i2c_load_electrodesP8as_class
 .text._Z14i2c_connect_cev
                0x00002cce       0x48 helper.o
                0x00002cce                _Z14i2c_connect_cev
 .text._Z17i2c_disconnect_cev
                0x00002d16       0x48 helper.o
                0x00002d16                _Z17i2c_disconnect_cev
 .text._Z12i2c_load_potP8as_class
                0x00002d5e       0x76 helper.o
                0x00002d5e                _Z12i2c_load_potP8as_class
 .text._Z16init_i2c_devicesP8as_class
                0x00002dd4       0x4c helper.o
                0x00002dd4                _Z16init_i2c_devicesP8as_class
 .text._Z9write_dacj
                0x00002e20       0x1a helper.o
                0x00002e20                _Z9write_dacj
 .text._Z8read_adcv
                0x00002e3a       0x28 helper.o
                0x00002e3a                _Z8read_adcv
 .text._Z3lpfjP8as_class
                0x00002e62      0x65c helper.o
                0x00002e62                _Z3lpfjP8as_class
 .text._Z15tx_u16_to_asciij
                0x000034be       0x86 helper.o
                0x000034be                _Z15tx_u16_to_asciij
 .text._Z15tx_u32_to_asciim
                0x00003544       0xd2 helper.o
                0x00003544                _Z15tx_u32_to_asciim
 .text._Z13calibrate_oscv
                0x00003616       0xa0 helper.o
                0x00003616                _Z13calibrate_oscv
 .text._Z14init_processorP8as_class
                0x000036b6       0xb0 helper.o
                0x000036b6                _Z14init_processorP8as_class
 .text._Z15tx_int_to_asciil
                0x00003766      0x10e helper.o
                0x00003766                _Z15tx_int_to_asciil
 .text._Z13string_to_u32PKhPhh
                0x00003874      0x1c8 helper.o
                0x00003874                _Z13string_to_u32PKhPhh
 .text._Z13string_to_intPKhPhh
                0x00003a3c      0x250 helper.o
                0x00003a3c                _Z13string_to_intPKhPhh
 .text._Z15string_to_int_pPKhPhS1_h
                0x00003c8c      0x260 helper.o
                0x00003c8c                _Z15string_to_int_pPKhPhS1_h
 .text._Z8load_u32PKh
                0x00003eec       0x5c helper.o
                0x00003eec                _Z8load_u32PKh
 .text._Z11uart_yes_nob
                0x00003f48       0x1a helper.o
                0x00003f48                _Z11uart_yes_nob
 .text._Z16uart_min_max_u32mm
                0x00003f62       0x52 helper.o
                0x00003f62                _Z16uart_min_max_u32mm
 .text._Z16uart_min_max_intii
                0x00003fb4       0x4a helper.o
                0x00003fb4                _Z16uart_min_max_intii
 .text._Z15uart_true_falseb
                0x00003ffe       0x24 helper.o
                0x00003ffe                _Z15uart_true_falseb
 .text._Z19uart_print_settingsP8as_class
                0x00004022      0x37a helper.o
                0x00004022                _Z19uart_print_settingsP8as_class
 .text._Z17uart_print_spacesv
                0x0000439c       0x1a helper.o
                0x0000439c                _Z17uart_print_spacesv
 .text._Z8uart_errv
                0x000043b6        0xa helper.o
                0x000043b6                _Z8uart_errv
 .text._Z7uart_okv
                0x000043c0        0xa helper.o
                0x000043c0                _Z7uart_okv
 .text._Z10arb_appendPKh
                0x000043ca      0x15e helper.o
                0x000043ca                _Z10arb_appendPKh
 .text._Z11arb_replacePKh
                0x00004528      0x194 helper.o
                0x00004528                _Z11arb_replacePKh
 .text._Z8set_boolPKhP8as_classMS1_FhbE
                0x000046bc      0x160 helper.o
                0x000046bc                _Z8set_boolPKhP8as_classMS1_FhbE
 .text._Z6set_u8PKhP8as_classMS1_FhhE
                0x0000481c       0xe0 helper.o
                0x0000481c                _Z6set_u8PKhP8as_classMS1_FhhE
 .text._Z9set_int16PKhP8as_classMS1_FhiE
                0x000048fc       0xf6 helper.o
                0x000048fc                _Z9set_int16PKhP8as_classMS1_FhiE
 .text._Z7set_u16PKhP8as_classMS1_FhjE
                0x000049f2       0xf6 helper.o
                0x000049f2                _Z7set_u16PKhP8as_classMS1_FhjE
 .text._Z7set_u32PKhP8as_classMS1_FhmE
                0x00004ae8       0xee helper.o
                0x00004ae8                _Z7set_u32PKhP8as_classMS1_FhmE
 .text._Z14uart_tokenizerhP8as_class
                0x00004bd6      0xf5e helper.o
                0x00004bd6                _Z14uart_tokenizerhP8as_class
 .text._Z15bin_build_arrayh
                0x00005b34       0x32 helper.o
                0x00005b34                _Z15bin_build_arrayh
 .text._Z12bin_tokenizeP8as_class
                0x00005b66      0x846 helper.o
                0x00005b66                _Z12bin_tokenizeP8as_class
 .text.avr-libc.fplib
                0x000063ac        0xa c:/program files (x86)/atmel/atmel toolchain/avr8 gcc/native/3.4.1051/avr8-gnu-toolchain/bin/../lib/gcc/avr/4.8.1/../../../../avr/lib/avr5\libm.a(addsf3.o)
                0x000063ac                __subsf3
                0x000063ae                __addsf3
 .text.avr-libc.fplib
                0x000063b6       0xc0 c:/program files (x86)/atmel/atmel toolchain/avr8 gcc/native/3.4.1051/avr8-gnu-toolchain/bin/../lib/gcc/avr/4.8.1/../../../../avr/lib/avr5\libm.a(addsf3x.o)
                0x000063d0                __addsf3x
 .text.avr-libc.fplib
                0x00006476        0x8 c:/program files (x86)/atmel/atmel toolchain/avr8 gcc/native/3.4.1051/avr8-gnu-toolchain/bin/../lib/gcc/avr/4.8.1/../../../../avr/lib/avr5\libm.a(cmpsf2.o)
                0x00006476                __nesf2
                0x00006476                __eqsf2
                0x00006476                __cmpsf2
                0x00006476                __ltsf2
                0x00006476                __lesf2
 .text.avr-libc.fplib
                0x0000647e        0x4 c:/program files (x86)/atmel/atmel toolchain/avr8 gcc/native/3.4.1051/avr8-gnu-toolchain/bin/../lib/gcc/avr/4.8.1/../../../../avr/lib/avr5\libm.a(divsf3.o)
                0x0000647e                __divsf3
 .text.avr-libc.fplib
                0x00006482       0xcc c:/program files (x86)/atmel/atmel toolchain/avr8 gcc/native/3.4.1051/avr8-gnu-toolchain/bin/../lib/gcc/avr/4.8.1/../../../../avr/lib/avr5\libm.a(divsf3x.o)
                0x00006498                __divsf3x
                0x0000649c                __divsf3_pse
 .text.avr-libc.fplib
                0x0000654e        0xa c:/program files (x86)/atmel/atmel toolchain/avr8 gcc/native/3.4.1051/avr8-gnu-toolchain/bin/../lib/gcc/avr/4.8.1/../../../../avr/lib/avr5\libm.a(fixsfsi.o)
                0x0000654e                __fixsfsi
 .text.avr-libc.fplib
                0x00006558       0x58 c:/program files (x86)/atmel/atmel toolchain/avr8 gcc/native/3.4.1051/avr8-gnu-toolchain/bin/../lib/gcc/avr/4.8.1/../../../../avr/lib/avr5\libm.a(fixunssfsi.o)
                0x00006558                __fixunssfsi
 .text.avr-libc.fplib
                0x000065b0       0x7a c:/program files (x86)/atmel/atmel toolchain/avr8 gcc/native/3.4.1051/avr8-gnu-toolchain/bin/../lib/gcc/avr/4.8.1/../../../../avr/lib/avr5\libm.a(floatsisf.o)
                0x000065b0                __floatunsisf
                0x000065b4                __floatsisf
 .text.avr-libc.fplib
                0x0000662a       0x48 c:/program files (x86)/atmel/atmel toolchain/avr8 gcc/native/3.4.1051/avr8-gnu-toolchain/bin/../lib/gcc/avr/4.8.1/../../../../avr/lib/avr5\libm.a(fp_cmp.o)
                0x0000662a                __fp_cmp
 .text.avr-libc.fplib
                0x00006672        0xc c:/program files (x86)/atmel/atmel toolchain/avr8 gcc/native/3.4.1051/avr8-gnu-toolchain/bin/../lib/gcc/avr/4.8.1/../../../../avr/lib/avr5\libm.a(fp_inf.o)
                0x00006672                __fp_inf
 .text.avr-libc.fplib
                0x0000667e        0x6 c:/program files (x86)/atmel/atmel toolchain/avr8 gcc/native/3.4.1051/avr8-gnu-toolchain/bin/../lib/gcc/avr/4.8.1/../../../../avr/lib/avr5\libm.a(fp_nan.o)
                0x0000667e                __fp_nan
 .text.avr-libc.fplib
                0x00006684        0xe c:/program files (x86)/atmel/atmel toolchain/avr8 gcc/native/3.4.1051/avr8-gnu-toolchain/bin/../lib/gcc/avr/4.8.1/../../../../avr/lib/avr5\libm.a(fp_pscA.o)
                0x00006684                __fp_pscA
 .text.avr-libc.fplib
                0x00006692        0xe c:/program files (x86)/atmel/atmel toolchain/avr8 gcc/native/3.4.1051/avr8-gnu-toolchain/bin/../lib/gcc/avr/4.8.1/../../../../avr/lib/avr5\libm.a(fp_pscB.o)
                0x00006692                __fp_pscB
 .text.avr-libc.fplib
                0x000066a0       0x22 c:/program files (x86)/atmel/atmel toolchain/avr8 gcc/native/3.4.1051/avr8-gnu-toolchain/bin/../lib/gcc/avr/4.8.1/../../../../avr/lib/avr5\libm.a(fp_round.o)
                0x000066a0                __fp_round
 .text.avr-libc.fplib
                0x000066c2       0x44 c:/program files (x86)/atmel/atmel toolchain/avr8 gcc/native/3.4.1051/avr8-gnu-toolchain/bin/../lib/gcc/avr/4.8.1/../../../../avr/lib/avr5\libm.a(fp_split3.o)
                0x000066c2                __fp_split3
                0x000066d2                __fp_splitA
 .text.avr-libc.fplib
                0x00006706        0xe c:/program files (x86)/atmel/atmel toolchain/avr8 gcc/native/3.4.1051/avr8-gnu-toolchain/bin/../lib/gcc/avr/4.8.1/../../../../avr/lib/avr5\libm.a(fp_zero.o)
                0x00006706                __fp_zero
                0x00006708                __fp_szero
 .text.avr-libc.fplib
                0x00006714        0x8 c:/program files (x86)/atmel/atmel toolchain/avr8 gcc/native/3.4.1051/avr8-gnu-toolchain/bin/../lib/gcc/avr/4.8.1/../../../../avr/lib/avr5\libm.a(gesf2.o)
                0x00006714                __gesf2
                0x00006714                __gtsf2
 .text.avr-libc.fplib
                0x0000671c        0x4 c:/program files (x86)/atmel/atmel toolchain/avr8 gcc/native/3.4.1051/avr8-gnu-toolchain/bin/../lib/gcc/avr/4.8.1/../../../../avr/lib/avr5\libm.a(mulsf3.o)
                0x0000671c                __mulsf3
 .text.avr-libc.fplib
                0x00006720       0xc2 c:/program files (x86)/atmel/atmel toolchain/avr8 gcc/native/3.4.1051/avr8-gnu-toolchain/bin/../lib/gcc/avr/4.8.1/../../../../avr/lib/avr5\libm.a(mulsf3x.o)
                0x00006734                __mulsf3x
                0x00006738                __mulsf3_pse
 .text.avr-libc.fplib
                0x000067e2       0x40 c:/program files (x86)/atmel/atmel toolchain/avr8 gcc/native/3.4.1051/avr8-gnu-toolchain/bin/../lib/gcc/avr/4.8.1/../../../../avr/lib/avr5\libm.a(round.o)
                0x000067e2                round
 .text.avr-libc.fplib
                0x00006822       0x36 c:/program files (x86)/atmel/atmel toolchain/avr8 gcc/native/3.4.1051/avr8-gnu-toolchain/bin/../lib/gcc/avr/4.8.1/../../../../avr/lib/avr5\libm.a(fp_mintl.o)
                0x00006822                __fp_mintl
 .text.avr-libc.fplib
                0x00006858       0x1c c:/program files (x86)/atmel/atmel toolchain/avr8 gcc/native/3.4.1051/avr8-gnu-toolchain/bin/../lib/gcc/avr/4.8.1/../../../../avr/lib/avr5\libm.a(fp_mpack.o)
                0x00006858                __fp_mpack
                0x0000685c                __fp_mpack_finite
 .text.libgcc.div
                0x00006874       0x28 c:/program files (x86)/atmel/atmel toolchain/avr8 gcc/native/3.4.1051/avr8-gnu-toolchain/bin/../lib/gcc/avr/4.8.1/avr5\libgcc.a(_udivmodhi4.o)
                0x00006874                __udivmodhi4
 .text.libgcc.div
                0x0000689c       0x44 c:/program files (x86)/atmel/atmel toolchain/avr8 gcc/native/3.4.1051/avr8-gnu-toolchain/bin/../lib/gcc/avr/4.8.1/avr5\libgcc.a(_udivmodsi4.o)
                0x0000689c                __udivmodsi4
 .text.libgcc.div
                0x000068e0       0x2e c:/program files (x86)/atmel/atmel toolchain/avr8 gcc/native/3.4.1051/avr8-gnu-toolchain/bin/../lib/gcc/avr/4.8.1/avr5\libgcc.a(_divmodsi4.o)
                0x000068e0                __divmodsi4
 .text.libgcc.div
                0x0000690e       0x10 c:/program files (x86)/atmel/atmel toolchain/avr8 gcc/native/3.4.1051/avr8-gnu-toolchain/bin/../lib/gcc/avr/4.8.1/avr5\libgcc.a(_negsi2.o)
                0x0000690e                __negsi2
 .text.libgcc   0x0000691e        0xc c:/program files (x86)/atmel/atmel toolchain/avr8 gcc/native/3.4.1051/avr8-gnu-toolchain/bin/../lib/gcc/avr/4.8.1/avr5\libgcc.a(_tablejump.o)
                0x0000691e                __tablejump2__
                0x00006922                __tablejump__
 .text.libgcc.mul
                0x0000692a       0x1e c:/program files (x86)/atmel/atmel toolchain/avr8 gcc/native/3.4.1051/avr8-gnu-toolchain/bin/../lib/gcc/avr/4.8.1/avr5\libgcc.a(_umulhisi3.o)
                0x0000692a                __umulhisi3
 .text.libgcc.mul
                0x00006948        0xe c:/program files (x86)/atmel/atmel toolchain/avr8 gcc/native/3.4.1051/avr8-gnu-toolchain/bin/../lib/gcc/avr/4.8.1/avr5\libgcc.a(_usmulhisi3.o)
                0x00006948                __usmulhisi3
                0x0000694c                __usmulhisi3_tail
 .text.libgcc.mul
                0x00006956       0x16 c:/program files (x86)/atmel/atmel toolchain/avr8 gcc/native/3.4.1051/avr8-gnu-toolchain/bin/../lib/gcc/avr/4.8.1/avr5\libgcc.a(_muluhisi3.o)
                0x00006956                __muluhisi3
 .text.libgcc.builtins
                0x0000696c       0x32 c:/program files (x86)/atmel/atmel toolchain/avr8 gcc/native/3.4.1051/avr8-gnu-toolchain/bin/../lib/gcc/avr/4.8.1/avr5\libgcc.a(_ashldi3.o)
                0x0000696c                __ashldi3
 .text.libgcc   0x0000699e       0x12 c:/program files (x86)/atmel/atmel toolchain/avr8 gcc/native/3.4.1051/avr8-gnu-toolchain/bin/../lib/gcc/avr/4.8.1/avr5\libgcc.a(_adddi3.o)
                0x0000699e                __adddi3
 .text.avr-libc
                0x000069b0       0x10 c:/program files (x86)/atmel/atmel toolchain/avr8 gcc/native/3.4.1051/avr8-gnu-toolchain/bin/../lib/gcc/avr/4.8.1/../../../../avr/lib/avr5\libc.a(eerd_byte_atmega328.o)
                0x000069b0                __eerd_byte_m328
 .text.avr-libc
                0x000069c0        0xc c:/program files (x86)/atmel/atmel toolchain/avr8 gcc/native/3.4.1051/avr8-gnu-toolchain/bin/../lib/gcc/avr/4.8.1/../../../../avr/lib/avr5\libc.a(eerd_word_atmega328.o)
                0x000069c0                __eerd_word_m328
 .text.avr-libc
                0x000069cc       0x1c c:/program files (x86)/atmel/atmel toolchain/avr8 gcc/native/3.4.1051/avr8-gnu-toolchain/bin/../lib/gcc/avr/4.8.1/../../../../avr/lib/avr5\libc.a(eewr_byte_atmega328.o)
                0x000069cc                __eewr_byte_m328
                0x000069ce                __eewr_r18_m328
 .text.avr-libc
                0x000069e8        0xa c:/program files (x86)/atmel/atmel toolchain/avr8 gcc/native/3.4.1051/avr8-gnu-toolchain/bin/../lib/gcc/avr/4.8.1/../../../../avr/lib/avr5\libc.a(eewr_word_atmega328.o)
                0x000069e8                __eewr_word_m328
 .text.avr-libc
                0x000069f2       0x20 c:/program files (x86)/atmel/atmel toolchain/avr8 gcc/native/3.4.1051/avr8-gnu-toolchain/bin/../lib/gcc/avr/4.8.1/../../../../avr/lib/avr5\libc.a(eerd_block_atmega328.o)
                0x000069f2                __eerd_block_m328
                0x000069f6                __eerd_blraw_m328
                0x00006a12                . = ALIGN (0x2)
 *(.fini9)
 .fini9         0x00006a12        0x0 c:/program files (x86)/atmel/atmel toolchain/avr8 gcc/native/3.4.1051/avr8-gnu-toolchain/bin/../lib/gcc/avr/4.8.1/avr5\libgcc.a(_exit.o)
                0x00006a12                _exit
                0x00006a12                exit
 *(.fini9)
 *(.fini8)
 *(.fini8)
 *(.fini7)
 *(.fini7)
 *(.fini6)
 *(.fini6)
 *(.fini5)
 *(.fini5)
 *(.fini4)
 *(.fini4)
 *(.fini3)
 *(.fini3)
 *(.fini2)
 *(.fini2)
 *(.fini1)
 *(.fini1)
 *(.fini0)
 .fini0         0x00006a12        0x4 c:/program files (x86)/atmel/atmel toolchain/avr8 gcc/native/3.4.1051/avr8-gnu-toolchain/bin/../lib/gcc/avr/4.8.1/avr5\libgcc.a(_exit.o)
 *(.fini0)
                0x00006a16                _etext = .

.data           0x00800100       0x20 load address 0x00006a16
                0x00800100                PROVIDE (__data_start, .)
 *(.data)
 .data          0x00800100        0x0 c:/program files (x86)/atmel/atmel toolchain/avr8 gcc/native/3.4.1051/avr8-gnu-toolchain/bin/../lib/gcc/avr/4.8.1/../../../../avr/lib/avr5/crtm328.o
 .data          0x00800100        0x0 AquaSift_V0011.o
 .data          0x00800100        0x0 as_class.o
 .data          0x00800100        0x0 atmega_eeprom.o
 .data          0x00800100        0x0 atmega_spi.o
 .data          0x00800100        0x0 atmega_twi.o
 .data          0x00800100        0x0 atmega_uart.o
 .data          0x00800100        0x0 helper.o
 .data          0x00800100        0x0 c:/program files (x86)/atmel/atmel toolchain/avr8 gcc/native/3.4.1051/avr8-gnu-toolchain/bin/../lib/gcc/avr/4.8.1/../../../../avr/lib/avr5\libm.a(addsf3.o)
 .data          0x00800100        0x0 c:/program files (x86)/atmel/atmel toolchain/avr8 gcc/native/3.4.1051/avr8-gnu-toolchain/bin/../lib/gcc/avr/4.8.1/../../../../avr/lib/avr5\libm.a(addsf3x.o)
 .data          0x00800100        0x0 c:/program files (x86)/atmel/atmel toolchain/avr8 gcc/native/3.4.1051/avr8-gnu-toolchain/bin/../lib/gcc/avr/4.8.1/../../../../avr/lib/avr5\libm.a(cmpsf2.o)
 .data          0x00800100        0x0 c:/program files (x86)/atmel/atmel toolchain/avr8 gcc/native/3.4.1051/avr8-gnu-toolchain/bin/../lib/gcc/avr/4.8.1/../../../../avr/lib/avr5\libm.a(divsf3.o)
 .data          0x00800100        0x0 c:/program files (x86)/atmel/atmel toolchain/avr8 gcc/native/3.4.1051/avr8-gnu-toolchain/bin/../lib/gcc/avr/4.8.1/../../../../avr/lib/avr5\libm.a(divsf3x.o)
 .data          0x00800100        0x0 c:/program files (x86)/atmel/atmel toolchain/avr8 gcc/native/3.4.1051/avr8-gnu-toolchain/bin/../lib/gcc/avr/4.8.1/../../../../avr/lib/avr5\libm.a(fixsfsi.o)
 .data          0x00800100        0x0 c:/program files (x86)/atmel/atmel toolchain/avr8 gcc/native/3.4.1051/avr8-gnu-toolchain/bin/../lib/gcc/avr/4.8.1/../../../../avr/lib/avr5\libm.a(fixunssfsi.o)
 .data          0x00800100        0x0 c:/program files (x86)/atmel/atmel toolchain/avr8 gcc/native/3.4.1051/avr8-gnu-toolchain/bin/../lib/gcc/avr/4.8.1/../../../../avr/lib/avr5\libm.a(floatsisf.o)
 .data          0x00800100        0x0 c:/program files (x86)/atmel/atmel toolchain/avr8 gcc/native/3.4.1051/avr8-gnu-toolchain/bin/../lib/gcc/avr/4.8.1/../../../../avr/lib/avr5\libm.a(fp_cmp.o)
 .data          0x00800100        0x0 c:/program files (x86)/atmel/atmel toolchain/avr8 gcc/native/3.4.1051/avr8-gnu-toolchain/bin/../lib/gcc/avr/4.8.1/../../../../avr/lib/avr5\libm.a(fp_inf.o)
 .data          0x00800100        0x0 c:/program files (x86)/atmel/atmel toolchain/avr8 gcc/native/3.4.1051/avr8-gnu-toolchain/bin/../lib/gcc/avr/4.8.1/../../../../avr/lib/avr5\libm.a(fp_nan.o)
 .data          0x00800100        0x0 c:/program files (x86)/atmel/atmel toolchain/avr8 gcc/native/3.4.1051/avr8-gnu-toolchain/bin/../lib/gcc/avr/4.8.1/../../../../avr/lib/avr5\libm.a(fp_pscA.o)
 .data          0x00800100        0x0 c:/program files (x86)/atmel/atmel toolchain/avr8 gcc/native/3.4.1051/avr8-gnu-toolchain/bin/../lib/gcc/avr/4.8.1/../../../../avr/lib/avr5\libm.a(fp_pscB.o)
 .data          0x00800100        0x0 c:/program files (x86)/atmel/atmel toolchain/avr8 gcc/native/3.4.1051/avr8-gnu-toolchain/bin/../lib/gcc/avr/4.8.1/../../../../avr/lib/avr5\libm.a(fp_round.o)
 .data          0x00800100        0x0 c:/program files (x86)/atmel/atmel toolchain/avr8 gcc/native/3.4.1051/avr8-gnu-toolchain/bin/../lib/gcc/avr/4.8.1/../../../../avr/lib/avr5\libm.a(fp_split3.o)
 .data          0x00800100        0x0 c:/program files (x86)/atmel/atmel toolchain/avr8 gcc/native/3.4.1051/avr8-gnu-toolchain/bin/../lib/gcc/avr/4.8.1/../../../../avr/lib/avr5\libm.a(fp_zero.o)
 .data          0x00800100        0x0 c:/program files (x86)/atmel/atmel toolchain/avr8 gcc/native/3.4.1051/avr8-gnu-toolchain/bin/../lib/gcc/avr/4.8.1/../../../../avr/lib/avr5\libm.a(gesf2.o)
 .data          0x00800100        0x0 c:/program files (x86)/atmel/atmel toolchain/avr8 gcc/native/3.4.1051/avr8-gnu-toolchain/bin/../lib/gcc/avr/4.8.1/../../../../avr/lib/avr5\libm.a(mulsf3.o)
 .data          0x00800100        0x0 c:/program files (x86)/atmel/atmel toolchain/avr8 gcc/native/3.4.1051/avr8-gnu-toolchain/bin/../lib/gcc/avr/4.8.1/../../../../avr/lib/avr5\libm.a(mulsf3x.o)
 .data          0x00800100        0x0 c:/program files (x86)/atmel/atmel toolchain/avr8 gcc/native/3.4.1051/avr8-gnu-toolchain/bin/../lib/gcc/avr/4.8.1/../../../../avr/lib/avr5\libm.a(round.o)
 .data          0x00800100        0x0 c:/program files (x86)/atmel/atmel toolchain/avr8 gcc/native/3.4.1051/avr8-gnu-toolchain/bin/../lib/gcc/avr/4.8.1/../../../../avr/lib/avr5\libm.a(fp_mintl.o)
 .data          0x00800100        0x0 c:/program files (x86)/atmel/atmel toolchain/avr8 gcc/native/3.4.1051/avr8-gnu-toolchain/bin/../lib/gcc/avr/4.8.1/../../../../avr/lib/avr5\libm.a(fp_mpack.o)
 .data          0x00800100        0x0 c:/program files (x86)/atmel/atmel toolchain/avr8 gcc/native/3.4.1051/avr8-gnu-toolchain/bin/../lib/gcc/avr/4.8.1/avr5\libgcc.a(_udivmodhi4.o)
 .data          0x00800100        0x0 c:/program files (x86)/atmel/atmel toolchain/avr8 gcc/native/3.4.1051/avr8-gnu-toolchain/bin/../lib/gcc/avr/4.8.1/avr5\libgcc.a(_udivmodsi4.o)
 .data          0x00800100        0x0 c:/program files (x86)/atmel/atmel toolchain/avr8 gcc/native/3.4.1051/avr8-gnu-toolchain/bin/../lib/gcc/avr/4.8.1/avr5\libgcc.a(_divmodsi4.o)
 .data          0x00800100        0x0 c:/program files (x86)/atmel/atmel toolchain/avr8 gcc/native/3.4.1051/avr8-gnu-toolchain/bin/../lib/gcc/avr/4.8.1/avr5\libgcc.a(_negsi2.o)
 .data          0x00800100        0x0 c:/program files (x86)/atmel/atmel toolchain/avr8 gcc/native/3.4.1051/avr8-gnu-toolchain/bin/../lib/gcc/avr/4.8.1/avr5\libgcc.a(_exit.o)
 .data          0x00800100        0x0 c:/program files (x86)/atmel/atmel toolchain/avr8 gcc/native/3.4.1051/avr8-gnu-toolchain/bin/../lib/gcc/avr/4.8.1/avr5\libgcc.a(_tablejump.o)
 .data          0x00800100        0x0 c:/program files (x86)/atmel/atmel toolchain/avr8 gcc/native/3.4.1051/avr8-gnu-toolchain/bin/../lib/gcc/avr/4.8.1/avr5\libgcc.a(_copy_data.o)
 .data          0x00800100        0x0 c:/program files (x86)/atmel/atmel toolchain/avr8 gcc/native/3.4.1051/avr8-gnu-toolchain/bin/../lib/gcc/avr/4.8.1/avr5\libgcc.a(_clear_bss.o)
 .data          0x00800100        0x0 c:/program files (x86)/atmel/atmel toolchain/avr8 gcc/native/3.4.1051/avr8-gnu-toolchain/bin/../lib/gcc/avr/4.8.1/avr5\libgcc.a(_ctors.o)
 .data          0x00800100        0x0 c:/program files (x86)/atmel/atmel toolchain/avr8 gcc/native/3.4.1051/avr8-gnu-toolchain/bin/../lib/gcc/avr/4.8.1/avr5\libgcc.a(_umulhisi3.o)
 .data          0x00800100        0x0 c:/program files (x86)/atmel/atmel toolchain/avr8 gcc/native/3.4.1051/avr8-gnu-toolchain/bin/../lib/gcc/avr/4.8.1/avr5\libgcc.a(_usmulhisi3.o)
 .data          0x00800100        0x0 c:/program files (x86)/atmel/atmel toolchain/avr8 gcc/native/3.4.1051/avr8-gnu-toolchain/bin/../lib/gcc/avr/4.8.1/avr5\libgcc.a(_muluhisi3.o)
 .data          0x00800100        0x0 c:/program files (x86)/atmel/atmel toolchain/avr8 gcc/native/3.4.1051/avr8-gnu-toolchain/bin/../lib/gcc/avr/4.8.1/avr5\libgcc.a(_ashldi3.o)
 .data          0x00800100        0x0 c:/program files (x86)/atmel/atmel toolchain/avr8 gcc/native/3.4.1051/avr8-gnu-toolchain/bin/../lib/gcc/avr/4.8.1/avr5\libgcc.a(_adddi3.o)
 .data          0x00800100        0x0 c:/program files (x86)/atmel/atmel toolchain/avr8 gcc/native/3.4.1051/avr8-gnu-toolchain/bin/../lib/gcc/avr/4.8.1/../../../../avr/lib/avr5\libc.a(eerd_byte_atmega328.o)
 .data          0x00800100        0x0 c:/program files (x86)/atmel/atmel toolchain/avr8 gcc/native/3.4.1051/avr8-gnu-toolchain/bin/../lib/gcc/avr/4.8.1/../../../../avr/lib/avr5\libc.a(eerd_word_atmega328.o)
 .data          0x00800100        0x0 c:/program files (x86)/atmel/atmel toolchain/avr8 gcc/native/3.4.1051/avr8-gnu-toolchain/bin/../lib/gcc/avr/4.8.1/../../../../avr/lib/avr5\libc.a(eewr_byte_atmega328.o)
 .data          0x00800100        0x0 c:/program files (x86)/atmel/atmel toolchain/avr8 gcc/native/3.4.1051/avr8-gnu-toolchain/bin/../lib/gcc/avr/4.8.1/../../../../avr/lib/avr5\libc.a(eewr_word_atmega328.o)
 .data          0x00800100        0x0 c:/program files (x86)/atmel/atmel toolchain/avr8 gcc/native/3.4.1051/avr8-gnu-toolchain/bin/../lib/gcc/avr/4.8.1/../../../../avr/lib/avr5\libc.a(eerd_block_atmega328.o)
 *(.data*)
 .data._ZZ3lpfjP8as_classE1y
                0x00800100        0x8 helper.o
 .data._ZZ3lpfjP8as_classE1x
                0x00800108        0xc helper.o
 *(.rodata)
 *(.rodata*)
 .rodata.str1.1
                0x00800114        0xb helper.o
 *(.gnu.linkonce.d*)
                0x00800120                . = ALIGN (0x2)
 *fill*         0x0080011f        0x1 
                0x00800120                _edata = .
                0x00800120                PROVIDE (__data_end, .)

.bss            0x00800120       0x76
                0x00800120                PROVIDE (__bss_start, .)
 *(.bss)
 *(.bss*)
 .bss._ZZ11__vector_11E8temp_adc
                0x00800120        0x2 AquaSift_V0011.o
 .bss._ZZ11__vector_11E6sq_amp
                0x00800122        0x4 AquaSift_V0011.o
 .bss._ZZ11__vector_11E11square_half
                0x00800126        0x1 AquaSift_V0011.o
 .bss._ZZ11__vector_11E12graph_cycles
                0x00800127        0x1 AquaSift_V0011.o
 .bss._ZZ11__vector_11E4temp
                0x00800128        0x4 AquaSift_V0011.o
 .bss._ZZ11__vector_11E11this_offset
                0x0080012c        0x4 AquaSift_V0011.o
 .bss._ZZ11__vector_11E5slope
                0x00800130        0x1 AquaSift_V0011.o
 .bss._ZZ11__vector_11E4rate
                0x00800131        0x4 AquaSift_V0011.o
 .bss._ZZ11__vector_11E2ev
                0x00800135        0x4 AquaSift_V0011.o
 .bss._ZZ11__vector_11E2sv
                0x00800139        0x4 AquaSift_V0011.o
 .bss._ZZ11__vector_11E7tot_cyc
                0x0080013d        0x1 AquaSift_V0011.o
 .bss._ZZ11__vector_11E8this_cyc
                0x0080013e        0x1 AquaSift_V0011.o
 .bss._ZZ11__vector_11E6output
                0x0080013f        0x2 AquaSift_V0011.o
 .bss._ZZ11__vector_11E7voltage
                0x00800141        0x4 AquaSift_V0011.o
 .bss._ZZ11__vector_11E10samp_count
                0x00800145        0x4 AquaSift_V0011.o
 .bss.as        0x00800149       0x2b AquaSift_V0011.o
                0x00800149                as
 .bss.bin_timeout
                0x00800174        0x1 AquaSift_V0011.o
                0x00800174                bin_timeout
 .bss.ms_counter
                0x00800175        0x4 AquaSift_V0011.o
                0x00800175                ms_counter
 .bss.bin_overflowed
                0x00800179        0x1 helper.o
                0x00800179                bin_overflowed
 .bss.array_index
                0x0080017a        0x1 helper.o
                0x0080017a                array_index
 .bss.bin_index
                0x0080017b        0x1 helper.o
                0x0080017b                bin_index
 .bss.arr       0x0080017c       0x19 helper.o
                0x0080017c                arr
 .bss.errno     0x00800195        0x1 helper.o
                0x00800195                errno
 *(COMMON)
                0x00800196                PROVIDE (__bss_end, .)
                0x00006a16                __data_load_start = LOADADDR (.data)
                0x00006a36                __data_load_end = (__data_load_start + SIZEOF (.data))

.noinit         0x00800196        0x0
                0x00800196                PROVIDE (__noinit_start, .)
 *(.noinit*)
                0x00800196                PROVIDE (__noinit_end, .)
                0x00800196                _end = .
                0x00800196                PROVIDE (__heap_start, .)

.eeprom         0x00810000        0x0
 *(.eeprom*)
                0x00810000                __eeprom_end = .

.fuse
 *(.fuse)
 *(.lfuse)
 *(.hfuse)
 *(.efuse)

.lock
 *(.lock*)

.signature
 *(.signature*)

.user_signatures
 *(.user_signatures*)

.stab
 *(.stab)

.stabstr
 *(.stabstr)

.stab.excl
 *(.stab.excl)

.stab.exclstr
 *(.stab.exclstr)

.stab.index
 *(.stab.index)

.stab.indexstr
 *(.stab.indexstr)

.comment        0x00000000       0x30
 *(.comment)
 .comment       0x00000000       0x30 AquaSift_V0011.o
                                 0x31 (size before relaxing)
 .comment       0x00000000       0x31 as_class.o
 .comment       0x00000000       0x31 atmega_eeprom.o
 .comment       0x00000000       0x31 atmega_spi.o
 .comment       0x00000000       0x31 atmega_twi.o
 .comment       0x00000000       0x31 atmega_uart.o
 .comment       0x00000000       0x31 helper.o

.note.gnu.build-id
 *(.note.gnu.build-id)

.debug
 *(.debug)

.line
 *(.line)

.debug_srcinfo
 *(.debug_srcinfo)

.debug_sfnames
 *(.debug_sfnames)

.debug_aranges  0x00000000      0x458
 *(.debug_aranges)
 .debug_aranges
                0x00000000       0x38 AquaSift_V0011.o
 .debug_aranges
                0x00000038      0x1c0 as_class.o
 .debug_aranges
                0x000001f8       0x40 atmega_eeprom.o
 .debug_aranges
                0x00000238       0x30 atmega_spi.o
 .debug_aranges
                0x00000268       0x58 atmega_twi.o
 .debug_aranges
                0x000002c0       0x50 atmega_uart.o
 .debug_aranges
                0x00000310      0x148 helper.o

.debug_pubnames
 *(.debug_pubnames)

.debug_info     0x00000000     0xad78
 *(.debug_info .gnu.linkonce.wi.*)
 .debug_info    0x00000000     0x2bc5 AquaSift_V0011.o
 .debug_info    0x00002bc5     0x14e4 as_class.o
 .debug_info    0x000040a9      0x367 atmega_eeprom.o
 .debug_info    0x00004410       0xfc atmega_spi.o
 .debug_info    0x0000450c      0x2c2 atmega_twi.o
 .debug_info    0x000047ce      0x31d atmega_uart.o
 .debug_info    0x00004aeb     0x628d helper.o

.debug_abbrev   0x00000000      0xc4d
 *(.debug_abbrev)
 .debug_abbrev  0x00000000      0x293 AquaSift_V0011.o
 .debug_abbrev  0x00000293      0x195 as_class.o
 .debug_abbrev  0x00000428      0x122 atmega_eeprom.o
 .debug_abbrev  0x0000054a       0xd4 atmega_spi.o
 .debug_abbrev  0x0000061e      0x10a atmega_twi.o
 .debug_abbrev  0x00000728      0x12a atmega_uart.o
 .debug_abbrev  0x00000852      0x3fb helper.o

.debug_line     0x00000000     0x1a6d
 *(.debug_line .debug_line.* .debug_line_end)
 .debug_line    0x00000000      0x3c5 AquaSift_V0011.o
 .debug_line    0x000003c5      0x4d6 as_class.o
 .debug_line    0x0000089b      0x188 atmega_eeprom.o
 .debug_line    0x00000a23       0xf2 atmega_spi.o
 .debug_line    0x00000b15      0x1b7 atmega_twi.o
 .debug_line    0x00000ccc      0x176 atmega_uart.o
 .debug_line    0x00000e42      0xc2b helper.o

.debug_frame    0x00000000      0xe08
 *(.debug_frame)
 .debug_frame   0x00000000      0x118 AquaSift_V0011.o
 .debug_frame   0x00000118      0x364 as_class.o
 .debug_frame   0x0000047c       0x64 atmega_eeprom.o
 .debug_frame   0x000004e0       0x44 atmega_spi.o
 .debug_frame   0x00000524       0x94 atmega_twi.o
 .debug_frame   0x000005b8       0xac atmega_uart.o
 .debug_frame   0x00000664      0x7a4 helper.o

.debug_str      0x00000000     0x1a05
 *(.debug_str)
 .debug_str     0x00000000      0xff1 AquaSift_V0011.o
                               0x11b4 (size before relaxing)
 .debug_str     0x00000ff1       0xf8 as_class.o
                                0xea7 (size before relaxing)
 .debug_str     0x000010e9      0x164 atmega_eeprom.o
                                0x2e9 (size before relaxing)
 .debug_str     0x0000124d       0x9c atmega_spi.o
                                0x218 (size before relaxing)
 .debug_str     0x000012e9      0x1b5 atmega_twi.o
                                0x339 (size before relaxing)
 .debug_str     0x0000149e       0x3c atmega_uart.o
                                0x2e8 (size before relaxing)
 .debug_str     0x000014da      0x52b helper.o
                               0x1912 (size before relaxing)

.debug_loc      0x00000000     0x4cad
 *(.debug_loc)
 .debug_loc     0x00000000      0x28b AquaSift_V0011.o
 .debug_loc     0x0000028b      0xbdc as_class.o
 .debug_loc     0x00000e67      0x105 atmega_eeprom.o
 .debug_loc     0x00000f6c       0xaa atmega_twi.o
 .debug_loc     0x00001016      0x262 atmega_uart.o
 .debug_loc     0x00001278     0x3a35 helper.o

.debug_macinfo
 *(.debug_macinfo)

.debug_weaknames
 *(.debug_weaknames)

.debug_funcnames
 *(.debug_funcnames)

.debug_typenames
 *(.debug_typenames)

.debug_varnames
 *(.debug_varnames)

.debug_pubtypes
 *(.debug_pubtypes)

.debug_ranges   0x00000000      0x4d8
 *(.debug_ranges)
 .debug_ranges  0x00000000       0x28 AquaSift_V0011.o
 .debug_ranges  0x00000028      0x1b0 as_class.o
 .debug_ranges  0x000001d8       0x30 atmega_eeprom.o
 .debug_ranges  0x00000208       0x20 atmega_spi.o
 .debug_ranges  0x00000228       0x48 atmega_twi.o
 .debug_ranges  0x00000270       0x58 atmega_uart.o
 .debug_ranges  0x000002c8      0x210 helper.o

.debug_macro
 *(.debug_macro)
OUTPUT(AquaSift_V0011.elf elf32-avr)
LOAD linker stubs
